2026-02-23 18:02:37,350 - INFO - Починаю виконувати step_2: party reports all
2026-02-23 18:13:34,325 - INFO - Всього рядків: 64881
2026-02-23 18:13:34,349 - INFO - Унікальних report_id: 64881
2026-02-23 18:13:34,350 - INFO - Дублікатів report_id не виявлено
2026-02-23 18:13:34,728 - INFO - Дані про звіти збережено у output/step_2_party_reports_all.csv
2026-03-16 11:46:23,257 - INFO - Починаю виконувати step_3: intangible assets of each report
2026-03-16 11:46:56,985 - INFO - Починаю виконувати step_3: intangible assets of each report
2026-03-16 12:43:23,538 - INFO - Дані про нематеріальні активи для кожного звіту збережено у step_3_intangiable_assets_of_each_report.csv
2026-03-16 12:58:27,114 - INFO - Починаю виконувати step_4: money financial transactions of each report
2026-03-16 12:59:19,326 - INFO - Починаю виконувати step_4: money financial transactions of each report
2026-03-16 13:53:29,631 - INFO - Дані про звіти збережено у step_4_money_financial_transactions_of_each_report.csv
2026-03-16 14:04:06,205 - INFO - Починаю виконувати step_2: party reports all
2026-03-16 14:15:26,993 - INFO - Всього рядків: 65081
2026-03-16 14:15:27,014 - INFO - Унікальних report_id: 65081
2026-03-16 14:15:27,014 - INFO - Дублікатів report_id не виявлено
2026-03-16 14:15:27,403 - INFO - Дані про звіти збережено у output/step_2_party_reports_all.csv
2026-03-16 14:22:32,853 - INFO - Починаю виконувати step_5: movables of each report
2026-03-16 14:22:45,180 - INFO - Починаю виконувати step_5: movables of each report
2026-03-16 15:13:59,352 - INFO - Дані про звіти збережено у step_5_movables_of_each_report.csv
2026-03-16 15:21:11,730 - INFO - Починаю виконувати step_6: paper of each report
2026-03-16 16:15:07,900 - INFO - Дані про звіти збережено у step_6_paper_of_each_report.csv
2026-03-16 16:29:08,544 - INFO - Починаю виконувати step_7: realty of each report
2026-03-16 16:29:28,794 - INFO - Починаю виконувати step_7: realty of each report
2026-03-16 17:21:11,696 - INFO - Дані про звіти збережено у step_7_realty_of_each_report.csv
2026-03-16 17:46:12,101 - INFO - Починаю виконувати step_8: transport of each report
2026-03-16 17:46:32,104 - INFO - Починаю виконувати step_8: transport of each report
2026-03-16 18:35:03,186 - INFO - Дані про звіти збережено у step_8_transport_of_each_report.csv
2026-03-17 09:49:37,693 - INFO - Починаю виконувати step_9: obligations of each report
2026-03-17 10:43:52,808 - INFO - Дані про звіти збережено у step_9_obligations_of_each_report.csv
2026-03-17 12:18:18,879 - INFO - Починаю виконувати step_10: payments of each report
2026-03-17 13:11:34,353 - INFO - Дані про звіти збережено у step_10_payments_of_each_report.csv
2026-03-17 14:19:09,046 - INFO - Починаю виконувати step_11: payments by type of each report
2026-03-17 20:16:08,096 - WARNING - Спроба 1 не вдалась для report_id 75f7ac75-8a4f-43ba-b7c1-8b7f1902787f, type other_incomes: HTTPSConnectionPool(host='politdata.nazk.gov.ua', port=443): Max retries exceeded with url: /api/v2/party/report/75f7ac75-8a4f-43ba-b7c1-8b7f1902787f/payments/other_incomes (Caused by SSLError(SSLEOFError(8, '[SSL: UNEXPECTED_EOF_WHILE_READING] EOF occurred in violation of protocol (_ssl.c:1020)')))
2026-03-17 20:16:09,212 - WARNING - Спроба 2 не вдалась для report_id 75f7ac75-8a4f-43ba-b7c1-8b7f1902787f, type other_incomes: HTTPSConnectionPool(host='politdata.nazk.gov.ua', port=443): Max retries exceeded with url: /api/v2/party/report/75f7ac75-8a4f-43ba-b7c1-8b7f1902787f/payments/other_incomes (Caused by SSLError(SSLEOFError(8, '[SSL: UNEXPECTED_EOF_WHILE_READING] EOF occurred in violation of protocol (_ssl.c:1020)')))
2026-03-17 20:16:11,272 - WARNING - Спроба 3 не вдалась для report_id 75f7ac75-8a4f-43ba-b7c1-8b7f1902787f, type other_incomes: HTTPSConnectionPool(host='politdata.nazk.gov.ua', port=443): Max retries exceeded with url: /api/v2/party/report/75f7ac75-8a4f-43ba-b7c1-8b7f1902787f/payments/other_incomes (Caused by SSLError(SSLEOFError(8, '[SSL: UNEXPECTED_EOF_WHILE_READING] EOF occurred in violation of protocol (_ssl.c:1020)')))
2026-03-17 20:43:29,126 - WARNING - Спроба 1 не вдалась для report_id 9bf39620-45b5-4e4d-8e2c-2ff1d4023b44, type other_incomes: 500 Server Error: Internal Server Error for url: https://politdata.nazk.gov.ua/api/v2/party/report/9bf39620-45b5-4e4d-8e2c-2ff1d4023b44/payments/other_incomes
2026-03-17 20:43:30,148 - WARNING - Спроба 2 не вдалась для report_id 9bf39620-45b5-4e4d-8e2c-2ff1d4023b44, type other_incomes: 500 Server Error: Internal Server Error for url: https://politdata.nazk.gov.ua/api/v2/party/report/9bf39620-45b5-4e4d-8e2c-2ff1d4023b44/payments/other_incomes
2026-03-17 20:43:33,896 - WARNING - Спроба 3 не вдалась для report_id 9bf39620-45b5-4e4d-8e2c-2ff1d4023b44, type other_incomes: 500 Server Error: Internal Server Error for url: https://politdata.nazk.gov.ua/api/v2/party/report/9bf39620-45b5-4e4d-8e2c-2ff1d4023b44/payments/other_incomes
2026-03-17 20:43:37,957 - WARNING - Спроба 4 не вдалась для report_id 9bf39620-45b5-4e4d-8e2c-2ff1d4023b44, type other_incomes: 500 Server Error: Internal Server Error for url: https://politdata.nazk.gov.ua/api/v2/party/report/9bf39620-45b5-4e4d-8e2c-2ff1d4023b44/payments/other_incomes
2026-03-17 20:43:45,995 - WARNING - Спроба 5 не вдалась для report_id 9bf39620-45b5-4e4d-8e2c-2ff1d4023b44, type other_incomes: 500 Server Error: Internal Server Error for url: https://politdata.nazk.gov.ua/api/v2/party/report/9bf39620-45b5-4e4d-8e2c-2ff1d4023b44/payments/other_incomes
2026-03-17 20:44:02,028 - WARNING - Спроба 6 не вдалась для report_id 9bf39620-45b5-4e4d-8e2c-2ff1d4023b44, type other_incomes: 500 Server Error: Internal Server Error for url: https://politdata.nazk.gov.ua/api/v2/party/report/9bf39620-45b5-4e4d-8e2c-2ff1d4023b44/payments/other_incomes
2026-03-17 20:44:34,071 - WARNING - Спроба 7 не вдалась для report_id 9bf39620-45b5-4e4d-8e2c-2ff1d4023b44, type other_incomes: 500 Server Error: Internal Server Error for url: https://politdata.nazk.gov.ua/api/v2/party/report/9bf39620-45b5-4e4d-8e2c-2ff1d4023b44/payments/other_incomes
2026-03-17 20:45:38,183 - WARNING - Спроба 8 не вдалась для report_id 9bf39620-45b5-4e4d-8e2c-2ff1d4023b44, type other_incomes: 500 Server Error: Internal Server Error for url: https://politdata.nazk.gov.ua/api/v2/party/report/9bf39620-45b5-4e4d-8e2c-2ff1d4023b44/payments/other_incomes
2026-03-17 20:49:10,947 - WARNING - Спроба 1 не вдалась для report_id 2caf15a0-da52-11ef-9743-8991a53f54af, type monetary_contributions: HTTPSConnectionPool(host='politdata.nazk.gov.ua', port=443): Read timed out. (read timeout=15)
2026-03-17 20:49:27,015 - WARNING - Спроба 2 не вдалась для report_id 2caf15a0-da52-11ef-9743-8991a53f54af, type monetary_contributions: HTTPSConnectionPool(host='politdata.nazk.gov.ua', port=443): Read timed out. (read timeout=15)
2026-03-17 20:49:44,084 - WARNING - Спроба 3 не вдалась для report_id 2caf15a0-da52-11ef-9743-8991a53f54af, type monetary_contributions: HTTPSConnectionPool(host='politdata.nazk.gov.ua', port=443): Read timed out. (read timeout=15)
2026-03-17 20:50:03,161 - WARNING - Спроба 4 не вдалась для report_id 2caf15a0-da52-11ef-9743-8991a53f54af, type monetary_contributions: HTTPSConnectionPool(host='politdata.nazk.gov.ua', port=443): Read timed out. (read timeout=15)
2026-03-17 20:50:26,228 - WARNING - Спроба 5 не вдалась для report_id 2caf15a0-da52-11ef-9743-8991a53f54af, type monetary_contributions: HTTPSConnectionPool(host='politdata.nazk.gov.ua', port=443): Read timed out. (read timeout=15)
2026-03-17 20:50:57,296 - WARNING - Спроба 6 не вдалась для report_id 2caf15a0-da52-11ef-9743-8991a53f54af, type monetary_contributions: HTTPSConnectionPool(host='politdata.nazk.gov.ua', port=443): Read timed out. (read timeout=15)
2026-03-17 20:51:44,371 - WARNING - Спроба 7 не вдалась для report_id 2caf15a0-da52-11ef-9743-8991a53f54af, type monetary_contributions: HTTPSConnectionPool(host='politdata.nazk.gov.ua', port=443): Read timed out. (read timeout=15)
2026-03-17 20:54:28,211 - WARNING - Спроба 1 не вдалась для report_id c5ddc132-e54b-45cf-a1e5-e9605f214ddb, type monetary_contributions: HTTPSConnectionPool(host='politdata.nazk.gov.ua', port=443): Read timed out. (read timeout=15)
2026-03-17 20:54:44,276 - WARNING - Спроба 2 не вдалась для report_id c5ddc132-e54b-45cf-a1e5-e9605f214ddb, type monetary_contributions: HTTPSConnectionPool(host='politdata.nazk.gov.ua', port=443): Read timed out. (read timeout=15)
2026-03-17 20:55:01,346 - WARNING - Спроба 3 не вдалась для report_id c5ddc132-e54b-45cf-a1e5-e9605f214ddb, type monetary_contributions: HTTPSConnectionPool(host='politdata.nazk.gov.ua', port=443): Read timed out. (read timeout=15)
2026-03-17 20:55:20,407 - WARNING - Спроба 4 не вдалась для report_id c5ddc132-e54b-45cf-a1e5-e9605f214ddb, type monetary_contributions: HTTPSConnectionPool(host='politdata.nazk.gov.ua', port=443): Read timed out. (read timeout=15)
2026-03-17 20:57:25,826 - WARNING - Спроба 1 не вдалась для report_id 7f446270-0a0f-11ef-96f1-37a2ca81244c, type monetary_contributions: HTTPSConnectionPool(host='politdata.nazk.gov.ua', port=443): Read timed out. (read timeout=15)
2026-03-17 20:57:41,893 - WARNING - Спроба 2 не вдалась для report_id 7f446270-0a0f-11ef-96f1-37a2ca81244c, type monetary_contributions: HTTPSConnectionPool(host='politdata.nazk.gov.ua', port=443): Read timed out. (read timeout=15)
2026-03-17 20:57:58,977 - WARNING - Спроба 3 не вдалась для report_id 7f446270-0a0f-11ef-96f1-37a2ca81244c, type monetary_contributions: HTTPSConnectionPool(host='politdata.nazk.gov.ua', port=443): Read timed out. (read timeout=15)
2026-03-17 20:58:18,059 - WARNING - Спроба 4 не вдалась для report_id 7f446270-0a0f-11ef-96f1-37a2ca81244c, type monetary_contributions: HTTPSConnectionPool(host='politdata.nazk.gov.ua', port=443): Read timed out. (read timeout=15)
2026-03-17 20:58:41,121 - WARNING - Спроба 5 не вдалась для report_id 7f446270-0a0f-11ef-96f1-37a2ca81244c, type monetary_contributions: HTTPSConnectionPool(host='politdata.nazk.gov.ua', port=443): Read timed out. (read timeout=15)
2026-03-17 20:59:12,187 - WARNING - Спроба 6 не вдалась для report_id 7f446270-0a0f-11ef-96f1-37a2ca81244c, type monetary_contributions: HTTPSConnectionPool(host='politdata.nazk.gov.ua', port=443): Read timed out. (read timeout=15)
2026-03-17 20:59:59,264 - WARNING - Спроба 7 не вдалась для report_id 7f446270-0a0f-11ef-96f1-37a2ca81244c, type monetary_contributions: HTTPSConnectionPool(host='politdata.nazk.gov.ua', port=443): Read timed out. (read timeout=15)
2026-03-17 21:01:18,340 - WARNING - Спроба 8 не вдалась для report_id 7f446270-0a0f-11ef-96f1-37a2ca81244c, type monetary_contributions: HTTPSConnectionPool(host='politdata.nazk.gov.ua', port=443): Read timed out. (read timeout=15)
2026-03-17 21:09:15,162 - WARNING - Спроба 1 не вдалась для report_id 3d1bbae6-5f23-4537-b7b7-a0bf22032a7b, type monetary_contributions: HTTPSConnectionPool(host='politdata.nazk.gov.ua', port=443): Read timed out. (read timeout=15)
2026-03-17 21:09:31,243 - WARNING - Спроба 2 не вдалась для report_id 3d1bbae6-5f23-4537-b7b7-a0bf22032a7b, type monetary_contributions: HTTPSConnectionPool(host='politdata.nazk.gov.ua', port=443): Read timed out. (read timeout=15)
2026-03-17 21:09:48,305 - WARNING - Спроба 3 не вдалась для report_id 3d1bbae6-5f23-4537-b7b7-a0bf22032a7b, type monetary_contributions: HTTPSConnectionPool(host='politdata.nazk.gov.ua', port=443): Read timed out. (read timeout=15)
2026-03-17 21:10:07,373 - WARNING - Спроба 4 не вдалась для report_id 3d1bbae6-5f23-4537-b7b7-a0bf22032a7b, type monetary_contributions: HTTPSConnectionPool(host='politdata.nazk.gov.ua', port=443): Read timed out. (read timeout=15)
2026-03-17 21:10:30,440 - WARNING - Спроба 5 не вдалась для report_id 3d1bbae6-5f23-4537-b7b7-a0bf22032a7b, type monetary_contributions: HTTPSConnectionPool(host='politdata.nazk.gov.ua', port=443): Read timed out. (read timeout=15)
2026-03-17 21:11:01,569 - WARNING - Спроба 6 не вдалась для report_id 3d1bbae6-5f23-4537-b7b7-a0bf22032a7b, type monetary_contributions: HTTPSConnectionPool(host='politdata.nazk.gov.ua', port=443): Read timed out. (read timeout=15)
2026-03-17 21:11:33,674 - WARNING - Спроба 7 не вдалась для report_id 3d1bbae6-5f23-4537-b7b7-a0bf22032a7b, type monetary_contributions: 500 Server Error: Internal Server Error for url: https://politdata.nazk.gov.ua/api/v2/party/report/3d1bbae6-5f23-4537-b7b7-a0bf22032a7b/payments/monetary_contributions
2026-03-17 21:15:06,417 - INFO - Дані про звіти збережено у step_11_payments_by_type_of_each_report.csv
